LTspice 26.0.2 for Windows
Circuit: C:\Users\ethan\Desktop\University\ELECTENG 209\Labs\Lab3_SigCond\Lab2_Spice\Lab3_SignCond.net
Start Time: Thu Aug 20 11:55:02 2026
solver = Normal
Maximum thread count: 8
tnom = 27
temp = 27
method = trap
C:\Users\ethan\Desktop\University\ELECTENG 209\Labs\Lab3_SigCond\Lab2_Spice\Lab3_SignCond.net(39): Missing value, assuming 0V @ DC.

V5 P001 0
^^^^^^^^^
Early termination of direct N-R iteration.
Direct Newton iteration failed to find operating point.
Starting Gmin stepping
Gmin stepping failed to find operating point. Use".option gminsteps=0" to skip all Gmin stepping.
Starting source stepping with srcstepmethod=0
Source stepping succeeded in finding the operating point.

Total elapsed time: 1.775 seconds.

Files loaded:
C:\Users\ethan\Desktop\University\ELECTENG 209\Labs\Lab3_SigCond\Lab2_Spice\Lab3_SignCond.net
C:\Users\ethan\AppData\Local\LTspice\lib\cmp\standard.dio
C:\Users\ethan\Desktop\University\ELECTENG 209\Labs\Lab3_SigCond\Lab2_Spice\LM324.lib
C:\Users\ethan\AppData\Local\LTspice\lib\sub\LT1083.lib

